src/pages/admin/AdminLayout.tsx(118,116): error TS18047: 'user.email' is possibly 'null'.
src/pages/Cart.tsx(10,27): error TS6133: 't' is declared but its value is never read.
src/pages/Checkout.tsx(2,10): error TS6133: 'ShieldCheck' is declared but its value is never read.
src/pages/Checkout.tsx(2,30): error TS6133: 'Package' is declared but its value is never read.
src/pages/Checkout.tsx(2,89): error TS6133: 'ShoppingBag' is declared but its value is never read.
src/pages/MyAccount.tsx(1,31): error TS6133: 'useCallback' is declared but its value is never read.
