src/components/layout/BaseLayout.tsx(22,15): error TS2322: Type '{ onEnquiryClick: () => void; }' is not assignable to type 'IntrinsicAttributes'.
  Property 'onEnquiryClick' does not exist on type 'IntrinsicAttributes'.
src/components/layout/BaseLayout.tsx(26,15): error TS2322: Type '{ onEnquiryClick: () => void; }' is not assignable to type 'IntrinsicAttributes'.
  Property 'onEnquiryClick' does not exist on type 'IntrinsicAttributes'.
src/components/ui/EnquiryModal.tsx(2,28): error TS6133: 'Phone' is declared but its value is never read.
src/components/ui/EnquiryModal.tsx(2,42): error TS6133: 'ShoppingBag' is declared but its value is never read.
src/pages/admin/Enquiries.tsx(7,3): error TS6133: 'Globe' is declared but its value is never read.
src/pages/admin/Enquiries.tsx(8,3): error TS6133: 'Calendar' is declared but its value is never read.
src/pages/admin/Enquiries.tsx(12,3): error TS6133: 'MessageSquare' is declared but its value is never read.
src/pages/admin/Progress.tsx(1,8): error TS6133: 'React' is declared but its value is never read.
src/pages/admin/Settings.tsx(1,1): error TS6133: 'React' is declared but its value is never read.
src/pages/admin/Settings.tsx(2,24): error TS6133: 'Globe' is declared but its value is never read.
src/pages/admin/Settings.tsx(2,31): error TS6133: 'Mail' is declared but its value is never read.
src/pages/ProductDetail.tsx(164,14): error TS2304: Cannot find name 'AnimatePresence'.
src/pages/ProductDetail.tsx(233,15): error TS2304: Cannot find name 'AnimatePresence'.
